
> nextn@0.1.0 typecheck
> tsc --noEmit

src/app/dashboard/monetization/page.tsx(33,49): error TS7006: Parameter 'acc' implicitly has an 'any' type.
src/app/dashboard/monetization/page.tsx(33,54): error TS7006: Parameter 'item' implicitly has an 'any' type.
src/app/dashboard/monetization/page.tsx(34,49): error TS7006: Parameter 'acc' implicitly has an 'any' type.
src/app/dashboard/monetization/page.tsx(34,54): error TS7006: Parameter 'item' implicitly has an 'any' type.
src/app/dashboard/monetization/page.tsx(36,52): error TS7006: Parameter 'acc' implicitly has an 'any' type.
src/app/dashboard/monetization/page.tsx(36,57): error TS7006: Parameter 'item' implicitly has an 'any' type.
src/app/dashboard/monetization/page.tsx(37,55): error TS7006: Parameter 'acc' implicitly has an 'any' type.
src/app/dashboard/monetization/page.tsx(37,60): error TS7006: Parameter 'item' implicitly has an 'any' type.
src/app/dashboard/notifications/page.tsx(54,23): error TS2345: Argument of type '(prev: ({ id: number; type: "offer"; job: string; recruiter: string; status: "pending"; question: string; answer: string; location: string; pay: string; schedule: string; } | { id: number; type: "offer"; ... 7 more ...; schedule: string; })[]) => ({ ...; } | ... 1 more ... | { ...; })[]' is not assignable to parameter of type 'SetStateAction<({ id: number; type: "offer"; job: string; recruiter: string; status: "pending"; question: string; answer: string; location: string; pay: string; schedule: string; } | { id: number; type: "offer"; job: string; ... 6 more ...; schedule: string; })[]>'.
  Type '(prev: ({ id: number; type: "offer"; job: string; recruiter: string; status: "pending"; question: string; answer: string; location: string; pay: string; schedule: string; } | { id: number; type: "offer"; ... 7 more ...; schedule: string; })[]) => ({ ...; } | ... 1 more ... | { ...; })[]' is not assignable to type '(prevState: ({ id: number; type: "offer"; job: string; recruiter: string; status: "pending"; question: string; answer: string; location: string; pay: string; schedule: string; } | { id: number; type: "offer"; ... 7 more ...; schedule: string; })[]) => ({ ...; } | { ...; })[]'.
    Type '({ id: number; type: "offer"; job: string; recruiter: string; status: "pending"; question: string; answer: string; location: string; pay: string; schedule: string; } | { id: number; type: "offer"; job: string; ... 6 more ...; schedule: string; } | { ...; })[]' is not assignable to type '({ id: number; type: "offer"; job: string; recruiter: string; status: "pending"; question: string; answer: string; location: string; pay: string; schedule: string; } | { id: number; type: "offer"; job: string; ... 6 more ...; schedule: string; })[]'.
      Type '{ id: number; type: "offer"; job: string; recruiter: string; status: "pending"; question: string; answer: string; location: string; pay: string; schedule: string; } | { id: number; type: "offer"; job: string; ... 6 more ...; schedule: string; } | { ...; }' is not assignable to type '{ id: number; type: "offer"; job: string; recruiter: string; status: "pending"; question: string; answer: string; location: string; pay: string; schedule: string; } | { id: number; type: "offer"; job: string; ... 6 more ...; schedule: string; }'.
        Type '{ question: string; status: "question_asked"; id: number; type: "offer"; job: string; recruiter: string; answer: string; location: string; pay: string; schedule: string; }' is not assignable to type '{ id: number; type: "offer"; job: string; recruiter: string; status: "pending"; question: string; answer: string; location: string; pay: string; schedule: string; } | { id: number; type: "offer"; job: string; ... 6 more ...; schedule: string; }'.
          Type '{ question: string; status: "question_asked"; id: number; type: "offer"; job: string; recruiter: string; answer: string; location: string; pay: string; schedule: string; }' is not assignable to type '{ id: number; type: "offer"; job: string; recruiter: string; status: "confirmed"; question: string; answer: string; location: string; pay: string; schedule: string; }'.
            Types of property 'status' are incompatible.
              Type '"question_asked"' is not assignable to type '"confirmed"'.
src/app/dashboard/notifications/page.tsx(63,26): error TS2345: Argument of type '(prev: ({ id: number; type: "confirmation"; job: string; worker: string; status: "confirmed"; question: string; answer: string; } | { id: number; type: "confirmation"; job: string; worker: string; status: "pending"; question: string; answer: string; } | { ...; })[]) => ({ ...; } | ... 2 more ... | { ...; })[]' is not assignable to parameter of type 'SetStateAction<({ id: number; type: "confirmation"; job: string; worker: string; status: "confirmed"; question: string; answer: string; } | { id: number; type: "confirmation"; job: string; worker: string; status: "pending"; question: string; answer: string; } | { ...; })[]>'.
  Type '(prev: ({ id: number; type: "confirmation"; job: string; worker: string; status: "confirmed"; question: string; answer: string; } | { id: number; type: "confirmation"; job: string; worker: string; status: "pending"; question: string; answer: string; } | { ...; })[]) => ({ ...; } | ... 2 more ... | { ...; })[]' is not assignable to type '(prevState: ({ id: number; type: "confirmation"; job: string; worker: string; status: "confirmed"; question: string; answer: string; } | { id: number; type: "confirmation"; job: string; worker: string; status: "pending"; question: string; answer: string; } | { ...; })[]) => ({ ...; } | ... 1 more ... | { ...; })[]'.
    Type '({ id: number; type: "confirmation"; job: string; worker: string; status: "confirmed"; question: string; answer: string; } | { id: number; type: "confirmation"; job: string; worker: string; status: "pending"; question: string; answer: string; } | { ...; } | { ...; })[]' is not assignable to type '({ id: number; type: "confirmation"; job: string; worker: string; status: "confirmed"; question: string; answer: string; } | { id: number; type: "confirmation"; job: string; worker: string; status: "pending"; question: string; answer: string; } | { ...; })[]'.
      Type '{ id: number; type: "confirmation"; job: string; worker: string; status: "confirmed"; question: string; answer: string; } | { id: number; type: "confirmation"; job: string; worker: string; status: "pending"; question: string; answer: string; } | { ...; } | { ...; }' is not assignable to type '{ id: number; type: "confirmation"; job: string; worker: string; status: "confirmed"; question: string; answer: string; } | { id: number; type: "confirmation"; job: string; worker: string; status: "pending"; question: string; answer: string; } | { ...; }'.
        Type '{ answer: string; status: "answered"; id: number; type: "confirmation"; job: string; worker: string; question: string; }' is not assignable to type '{ id: number; type: "confirmation"; job: string; worker: string; status: "confirmed"; question: string; answer: string; } | { id: number; type: "confirmation"; job: string; worker: string; status: "pending"; question: string; answer: string; } | { ...; }'.
          Type '{ answer: string; status: "answered"; id: number; type: "confirmation"; job: string; worker: string; question: string; }' is not assignable to type '{ id: number; type: "question"; job: string; worker: string; status: "answered"; question: string; answer: string; }'.
            Types of property 'type' are incompatible.
              Type '"confirmation"' is not assignable to type '"question"'.
src/app/dashboard/notifications/page.tsx(117,22): error TS2367: This comparison appears to be unintentional because the types '"pending" | "confirmed"' and '"question_asked"' have no overlap.
src/app/dashboard/notifications/page.tsx(198,83): error TS2339: Property 'id' does not exist on type 'never'.
src/app/dashboard/notifications/page.tsx(202,82): error TS2339: Property 'id' does not exist on type 'never'.
src/app/dashboard/notifications/page.tsx(204,113): error TS2339: Property 'id' does not exist on type 'never'.
src/app/dashboard/notifications/page.tsx(205,77): error TS2339: Property 'id' does not exist on type 'never'.
src/app/dashboard/profile/page.tsx(319,71): error TS7006: Parameter 'worker' implicitly has an 'any' type.
src/app/login/page.tsx(6,25): error TS2307: Cannot find module '@/firebase/auth/use-user' or its corresponding type declarations.
src/app/signup/page.tsx(5,25): error TS2307: Cannot find module '@/firebase/auth/use-user' or its corresponding type declarations.
